[backblue.gif]
[fade.gif]
[index.html]
[localhost/Form Bundle/wp-includes/js/jquery/jqueryb8ff.js]
[localhost/Form Bundle/wp-includes/js/jquery/jquery-migrate.min330a.js]
[localhost/Form Bundle/wp-content/uploads/2019/04/asset-0.png]
[localhost/Form Bundle/wp-content/uploads/2019/04/asset-1.jpg]
[localhost/Form Bundle/wp-content/uploads/2019/04/asset-2.png]
[localhost/Form Bundle/wp-content/uploads/2019/04/asset-3.png]
[localhost/Form Bundle/wp-content/uploads/2019/04/asset-4.png]
[localhost/Form Bundle/wp-content/uploads/2019/04/asset-5.png]
[localhost/Form Bundle/wp-content/uploads/2019/04/asset-6.png]
[localhost/Form Bundle/wp-content/uploads/2019/04/asset-7.png]
[localhost/Form Bundle/wp-content/uploads/2019/04/asset-8.jpg]
[localhost/Form Bundle/wp-content/uploads/2019/04/asset-9.png]
[localhost/Form Bundle/wp-content/uploads/2019/04/asset-10.png]
[localhost/Form Bundle/wp-content/uploads/2019/04/asset-11.png]
[localhost/Form Bundle/wp-content/uploads/2019/04/asset-14.png]
[localhost/Form Bundle/wp-content/uploads/2019/03/team_4.jpg]
[localhost/Form Bundle/wp-content/uploads/2019/03/team_2.jpg]
[localhost/Form Bundle/wp-content/plugins/essential-addons-elementor/assets/js/eael-scripts5152.js]
[localhost/Form Bundle/wp-content/plugins/essential-addons-elementor/assets/js/fancy-text5152.js]
[localhost/Form Bundle/wp-content/plugins/essential-addons-elementor/assets/js/lity.min5152.js]
[localhost/Form Bundle/wp-content/plugins/essential-addons-elementor/assets/js/jquery.cookie5152.js]
[localhost/Form Bundle/wp-content/plugins/essential-addons-elementor/assets/js/countdown.min5152.js]
[localhost/Form Bundle/wp-content/plugins/essential-addons-elementor/assets/js/waypoints.min5152.js]
[localhost/Form Bundle/wp-content/plugins/essential-addons-elementor/assets/js/odometer.min5152.js]
[localhost/Form Bundle/wp-content/plugins/essential-addons-elementor/assets/js/eael-instafeed.min5152.js]
[localhost/Form Bundle/wp-content/plugins/essential-addons-elementor/assets/js/jquery.event.move5152.js]
[localhost/Form Bundle/wp-content/plugins/essential-addons-elementor/assets/js/jquery.twentytwenty5152.js]
[localhost/Form Bundle/wp-content/plugins/essential-addons-elementor/assets/flip-carousel/jquery.flipster.min5152.js]
[localhost/Form Bundle/wp-content/plugins/essential-addons-elementor/assets/interactive-card/interactive-card.min5152.js]
[localhost/Form Bundle/wp-content/plugins/essential-addons-elementor/assets/interactive-card/jquery.nicescroll.min5152.js]
[localhost/Form Bundle/wp-content/plugins/essential-addons-elementor/assets/js/masonry.min5152.js]
[localhost/Form Bundle/wp-content/plugins/essential-addons-elementor/assets/js/eael-load-more5152.js]
[localhost/Form Bundle/wp-content/plugins/essential-addons-elementor/assets/js/vertical-timeline5152.js]
[localhost/Form Bundle/wp-content/plugins/essential-addons-elementor/assets/js/jquery.tablesorter.min5152.js]
[localhost/Form Bundle/wp-content/plugins/essential-addons-elementor/assets/social-feeds/doT.min5152.js]
[localhost/Form Bundle/wp-content/plugins/essential-addons-elementor/assets/social-feeds/moment5152.js]
[localhost/Form Bundle/wp-content/plugins/essential-addons-elementor/assets/social-feeds/jquery.socialfeed5152.js]
[localhost/Form Bundle/wp-content/plugins/essential-addons-elementor/assets/social-feeds/codebird5152.js]
[localhost/Form Bundle/wp-content/plugins/essential-addons-elementor/assets/js/jquery.magnific-popup.min5152.js]
[localhost/Form Bundle/wp-content/plugins/essential-addons-elementor/assets/js/typed.min5152.js]
[localhost/Form Bundle/wp-content/plugins/essential-addons-elementor/assets/js/eael-post-list5152.js]
[localhost/Form Bundle/wp-content/plugins/essential-addons-elementor/assets/js/gmap5152.js]
[localhost/Form Bundle/wp-content/plugins/essential-addons-elementor/assets/js/mailchimp5152.js]
[localhost/Form Bundle/wp-content/plugins/essential-addons-elementor/assets/js/one-page-nav5152.js]
[localhost/Form Bundle/wp-content/plugins/essential-addons-elementor/assets/js/tipso5152.js]
[localhost/Form Bundle/wp-content/plugins/essential-addons-elementor/assets/js/tooltipster.bundle.min5152.js]
[localhost/Form Bundle/wp-content/plugins/essential-addons-elementor/assets/js/progress-bar5152.js]
[localhost/Form Bundle/wp-content/plugins/essential-addons-elementor/assets/js/particles5152.js]
[localhost/Form Bundle/wp-content/plugins/essential-addons-elementor/assets/js/TweenMax.min5152.js]
[localhost/Form Bundle/wp-content/plugins/essential-addons-elementor/assets/js/jarallax5152.js]
[localhost/Form Bundle/wp-content/plugins/essential-addons-elementor/assets/js/jquery-parallax5152.js]
[localhost/Form Bundle/wp-includes/js/wp-embed.min3c21.js]
[localhost/Form Bundle/wp-content/plugins/elementor-extras/assets/lib/hotips/hotips.min8a54.js]
[localhost/Form Bundle/wp-includes/js/imagesloaded.min55a0.js]
[localhost/Form Bundle/wp-content/plugins/elementor/assets/js/frontend-modules337d.js]
[localhost/Form Bundle/wp-content/plugins/elementor-pro/assets/lib/sticky/jquery.sticky.minad2f.js]
[localhost/Form Bundle/wp-content/plugins/elementor-pro/assets/js/frontend.minad2f.js]
[localhost/Form Bundle/wp-includes/js/jquery/ui/position.mine899.js]
[localhost/Form Bundle/wp-content/plugins/elementor/assets/lib/dialog/dialog.min6996.js]
[localhost/Form Bundle/wp-content/plugins/elementor/assets/lib/waypoints/waypoints.min05da.js]
[localhost/Form Bundle/wp-content/plugins/elementor/assets/lib/swiper/swiper.min4f24.js]
[localhost/Form Bundle/wp-content/plugins/elementor/assets/js/frontend.min337d.js]
[localhost/Form Bundle/wp-content/plugins/elementor-extras/assets/js/frontend.mina8cf.js]
[localhost/Form Bundle/wp-content/plugins/elementor-extras/assets/lib/parallax-gallery/parallax-gallery.min8a54.js]
[localhost/Form Bundle/wp-content/plugins/elementor-extras/assets/lib/sticky-element/sticky-element.minc358.js]
[localhost/Form Bundle/wp-content/plugins/elementor-extras/assets/lib/parallax-element/parallax-element.min8a54.js]
[localhost/Form Bundle/wp-content/plugins/elementor-extras/assets/lib/parallax-background/parallax-background.min7359.js]
[localhost/Form Bundle/wp-content/plugins/elementor-extras/assets/lib/jquery-resize/jquery.resize.min5b75.js]
[localhost/Form Bundle/index.php/mashup-2-projec-1/index.html]
[localhost/Form Bundle/wp-includes/css/dist/block-library/style.min3c21.css]
[localhost/Form Bundle/wp-includes/css/dist/block-library/theme.min3c21.css]
[localhost/Form Bundle/wp-content/plugins/essential-addons-elementor/assets/css/essential-addons-elementor3c21.css]
[localhost/Form Bundle/wp-content/plugins/essential-addons-elementor/assets/css/lity.min3c21.css]
[localhost/Form Bundle/wp-content/plugins/gravityforms/css/formreset.min747d.css]
[localhost/Form Bundle/wp-content/plugins/gravityforms/images/gf-creditcard-icons.png]
[cdnjs.cloudflare.com/ajax/libs/gsap/1.20.2/TweenMax.min3c21.js]
[localhost/Form Bundle/wp-content/plugins/gravityforms/css/chosen-sprite.png]
[localhost/Form Bundle/wp-content/plugins/gravityforms/css/chosen-sprite@2x.png]
[localhost/Form Bundle/wp-content/plugins/gravityforms/css/formsmain.min747d.css]
[localhost/Form Bundle/wp-content/plugins/gravityforms/css/readyclass.min747d.css]
[localhost/Form Bundle/wp-content/plugins/gravityforms/css/browsers.min747d.css]
[localhost/Form Bundle/wp-content/plugins/essential-addons-elementor/assets/flip-carousel/jquery.flipster.min3c21.css]
[localhost/Form Bundle/wp-content/plugins/essential-addons-elementor/assets/css/odometer-theme-default3c21.css]
[localhost/Form Bundle/wp-content/plugins/essential-addons-elementor/assets/css/twentytwenty3c21.css]
[localhost/Form Bundle/wp-content/plugins/essential-addons-elementor/assets/interactive-card/interactive-card3c21.css]
[localhost/Form Bundle/wp-content/plugins/essential-addons-elementor/assets/css/tooltipster.bundle.min3c21.css]
[localhost/Form Bundle/wp-content/themes/twentynineteen/style4e44.css]
[localhost/Form Bundle/wp-content/themes/twentynineteen/print4e44.css]
[localhost/Form Bundle/wp-content/plugins/elementor/assets/lib/eicons/css/elementor-icons.minb2f9.css]
[localhost/Form Bundle/wp-content/plugins/elementor/assets/lib/font-awesome/css/font-awesome.min1849.css]
[localhost/Form Bundle/wp-content/plugins/elementor/assets/lib/animations/animations.min337d.css]
[localhost/Form Bundle/wp-content/plugins/elementor/assets/css/frontend.min337d.css]
[localhost/Form Bundle/wp-content/plugins/elementor-pro/assets/css/frontend.minad2f.css]
[localhost/Form Bundle/wp-content/plugins/elementor-extras/assets/lib/nicons/css/niconsa8cf.css]
[localhost/Form Bundle/wp-content/plugins/elementor-extras/assets/css/frontend.mina8cf.css]
[localhost/Form Bundle/wp-content/uploads/elementor/css/global4e1e.css]
[localhost/Form Bundle/wp-content/uploads/2019/04/asset-20.jpg]
[localhost/Form Bundle/wp-content/uploads/elementor/css/post-178e57c.css]
